---
source: src/syntax/test.rs
expression: parse(src).unwrap()
---
Binop {
    lhs: Binop {
        lhs: Lit {
            val: Int(
                1,
            ),
        },
        rhs: Binop {
            lhs: Lit {
                val: Int(
                    2,
                ),
            },
            rhs: Lit {
                val: Int(
                    3,
                ),
            },
            op: IntMul,
        },
        op: IntAdd,
    },
    rhs: Lit {
        val: Int(
            4,
        ),
    },
    op: IntSub,
}
