---
source: src/syntax/test.rs
expression: parse(src).unwrap()
---
Let {
    bindings: [
        LetBinding {
            name: "x",
            ann: None,
            val: Lit {
                val: Int(
                    5,
                ),
            },
        },
    ],
    body: Var {
        name: "x",
    },
}
