---
source: crates/simpl-syntax/src/test.rs
expression: ast
---
Let {
    bindings: [
        (
            "id",
            Lambda {
                args: [
                    "x",
                ],
                body: Var {
                    name: "x",
                },
            },
        ),
    ],
    body: App {
        func: Var {
            name: "id",
        },
        args: [
            Var {
                name: "id",
            },
        ],
    },
}
